C51 COMPILER V9.60.7.0   HONG_NGOAI                                                        07/16/2024 23:33:21 PAGE 1   


C51 COMPILER V9.60.7.0, COMPILATION OF MODULE HONG_NGOAI
OBJECT MODULE PLACED IN .\Objects\hong ngoai.obj
COMPILER INVOKED BY: C:\Keil_v5\C51\BIN\C51.EXE hong ngoai.c OPTIMIZE(8,SPEED) BROWSE DEBUG OBJECTEXTEND PRINT(.\Listing
                    -s\hong ngoai.lst) TABS(2) OBJECT(.\Objects\hong ngoai.obj)

line level    source

   1          #include <REGX52.H>
   2          #include "delay.h"
*** WARNING C318 IN LINE 2 OF hong ngoai.c: can't open file 'delay.h'
   3          void main()
   4          {
   5   1        T2CON = 0x00;
   6   1        TMOD = 0x02;
   7   1        
   8   1        RCAP2H = 0xFF;
   9   1        RCAP2L = 0x31;
  10   1        
  11   1        TH2 = 0xFF;
  12   1        TL2 = 0x31;
  13   1        
  14   1        TR2 = 1;
  15   1        
  16   1        while(1)
  17   1        {}
  18   1      }


MODULE INFORMATION:   STATIC OVERLAYABLE
   CODE SIZE        =     22    ----
   CONSTANT SIZE    =   ----    ----
   XDATA SIZE       =   ----    ----
   PDATA SIZE       =   ----    ----
   DATA SIZE        =   ----    ----
   IDATA SIZE       =   ----    ----
   BIT SIZE         =   ----    ----
END OF MODULE INFORMATION.


C51 COMPILATION COMPLETE.  1 WARNING(S),  0 ERROR(S)
